
> ci-agent@1.0.0 test
> jest --coverage --verbose

node.exe : PASS test/unit/playbook-guard.test.js
At E:\npm.ps1:29 char:3
+   & $NODE_EXE $NPM_CLI_JS $args
+   ~~~~~~~~~~~~~~~~~~~~~~~~~~~~~
    + CategoryInfo          : NotSpecified: (PASS test/unit/playbook-guard.tes 
   t.js:String) [], RemoteException
    + FullyQualifiedErrorId : NativeCommandError
 
  Playbook Guard - Safety Guardrails
    isSafeAction
      ΓêÜ should identify safe actions (10 ms)
      ΓêÜ should reject unsafe actions (1 ms)
    isPowerfulAction
      ΓêÜ should identify powerful actions (1 ms)
      ΓêÜ should reject safe actions (1 ms)
    shouldExecuteAction
      ΓêÜ should allow high confidence action
      ΓêÜ should reject low confidence action (3 ms)
      ΓêÜ should enforce max retries limit
      ΓêÜ should require higher confidence for high severity errors
      ΓêÜ should allow lower confidence for low severity errors
    validateAction
      ΓêÜ should validate retry for flaky_test
      ΓêÜ should validate reinstall for dependency_issue
      ΓêÜ should reject invalid action (1 ms)
      ΓêÜ should reject wrong action for error type
      ΓêÜ should allow notify for any error type
    getActionCooldown
      ΓêÜ should return cooldown for known actions
      ΓêÜ should return default cooldown for unknown actions (1 ms)
      ΓêÜ should have reasonable cooldown values
    getExplanationTemplate
      ΓêÜ should provide templates for all combinations (1 ms)
      ΓêÜ should have meaningful templates
    SAFETY_LIMITS constant
      ΓêÜ should define all required limits (1 ms)
      ΓêÜ should have reasonable values (1 ms)
    ERROR_TYPE_SEVERITY constant
      ΓêÜ should classify all error types
      ΓêÜ should only use valid severity levels (1 ms)
    Integration - Safety Rules
      ΓêÜ high severity + low confidence should block execution
      ΓêÜ low severity + high confidence should allow execution
      ΓêÜ max retries should override confidence

2026-03-27 20:01:29 [[32MINFO[39M]: Execution tracked {
  "pipelineId": "pipeline-123",
  "projectId": "project-456",
  "status": "resolved",
  "errorType": "flaky_test"
}
2026-03-27 20:01:29 [[32MINFO[39M]: Execution tracked {
  "pipelineId": "p1",
  "projectId": "proj-1",
  "status": "resolved",
  "errorType": "flaky_test"
}
2026-03-27 20:01:29 [[32MINFO[39M]: Execution tracked {
  "pipelineId": "p2",
  "projectId": "proj-1",
  "status": "resolved",
  "errorType": "dependency_issue"
}
2026-03-27 20:01:29 [[32MINFO[39M]: Execution tracked {
  "pipelineId": "p1",
  "projectId": "proj-1",
  "status": "resolved",
  "errorType": "flaky_test"
}
2026-03-27 20:01:29 [[32MINFO[39M]: Playbook action selected {
  "errorType": "flaky_test",
  "action": "retry"
}
2026-03-27 20:01:29 [[32MINFO[39M]: Playbook action selected {
  "errorType": "dependency_issue",
  "action": "reinstall"
}
2026-03-27 20:01:29 [[32MINFO[39M]: Playbook action selected {
  "errorType": "env_issue",
  "action": "retry"
}
2026-03-27 20:01:29 [[32MINFO[39M]: Max attempts reached, escalating to manual {
  "errorType": "flaky_test",
  "retryCount": 2,
  "maxAttempts": 2
}
2026-03-27 20:01:29 [[32MINFO[39M]: Execution tracked {
  "pipelineId": "p1",
  "projectId": "proj-1",
  "status": "resolved"
}
2026-03-27 20:01:29 [[32MINFO[39M]: Execution tracked {
  "pipelineId": "p2",
  "projectId": "proj-1",
  "status": "failed"
}
2026-03-27 20:01:29 [[33MWARN[39M]: Unknown error type in playbook {
  "errorType": "unknown_error"
}
2026-03-27 20:01:29 [[32MINFO[39M]: Execution tracked {
  "pipelineId": "p3",
  "projectId": "proj-1",
  "status": "manual_review"
}
2026-03-27 20:01:29 [[32MINFO[39M]: Playbook action selected {
  "errorType": "code_error",
  "action": "notify"
}
2026-03-27 20:01:29 [[32MINFO[39M]: Execution tracked {
  "pipelineId": "p1",
  "projectId": "proj-1",
  "status": "resolved",
  "errorType": "flaky_test"
}
2026-03-27 20:01:29 [[32MINFO[39M]: Playbook action selected {
  "errorType": "permission_error",
  "action": "notify"
}
2026-03-27 20:01:29 [[32MINFO[39M]: Playbook action selected {
  "errorType": "timeout",
  "action": "retry"
}
2026-03-27 20:01:29 [[32MINFO[39M]: Execution tracked {
  "pipelineId": "p0",
  "projectId": "test-proj",
  "status": "resolved",
  "errorType": "flaky_test"
}
2026-03-27 20:01:29 [[32MINFO[39M]: Execution tracked {
  "pipelineId": "p1",
  "projectId": "test-proj",
  "status": "resolved",
  "errorType": "flaky_test"
}
2026-03-27 20:01:29 [[32MINFO[39M]: Execution tracked {
  "pipelineId": "p2",
  "projectId": "test-proj",
  "status": "resolved",
  "errorType": "flaky_test"
}
2026-03-27 20:01:29 [[32MINFO[39M]: Execution tracked {
  "pipelineId": "p3",
  "projectId": "test-proj",
  "status": "resolved",
  "errorType": "flaky_test"
}
2026-03-27 20:01:29 [[32MINFO[39M]: Playbook action selected {
  "errorType": "rate_limit",
  "action": "retry"
}
2026-03-27 20:01:29 [[32MINFO[39M]: Execution tracked {
  "pipelineId": "p4",
  "projectId": "test-proj",
  "status": "resolved",
  "errorType": "flaky_test"
}
2026-03-27 20:01:29 [[32MINFO[39M]: Execution tracked {
  "pipelineId": "p1",
  "projectId": "proj-2",
  "status": "resolved"
}
2026-03-27 20:01:29 [[32MINFO[39M]: Execution tracked {
  "pipelineId": "p2",
  "projectId": "proj-2",
  "status": "resolved"
}
2026-03-27 20:01:29 [[32MINFO[39M]: Execution tracked {
  "pipelineId": "p3",
  "projectId": "proj-2",
  "status": "failed"
}
2026-03-27 20:01:29 [[32MINFO[39M]: Execution tracked {
  "pipelineId": "p1",
  "projectId": "proj-3",
  "status": "resolved"
}
2026-03-27 20:01:29 [[32MINFO[39M]: Execution tracked {
  "pipelineId": "p2",
  "projectId": "proj-3",
  "status": "resolved"
}
2026-03-27 20:01:29 [[32MINFO[39M]: Execution tracked {
  "pipelineId": "p1",
  "projectId": "proj-4",
  "status": "resolved"
}
2026-03-27 20:01:29 [[32MINFO[39M]: Execution tracked {
  "pipelineId": "p1",
  "projectId": "proj-5",
  "status": "resolved"
}
2026-03-27 20:01:29 [[32MINFO[39M]: Execution tracked {
  "pipelineId": "p2",
  "projectId": "proj-5",
  "status": "failed"
}
2026-03-27 20:01:29 [[32MINFO[39M]: Execution tracked {
  "pipelineId": "p3",
  "projectId": "proj-5",
  "status": "resolved"
}
2026-03-27 20:01:29 [[32MINFO[39M]: Execution tracked {
  "pipelineId": "p0",
  "projectId": "proj-6",
  "status": "resolved"
}
2026-03-27 20:01:29 [[32MINFO[39M]: Execution tracked {
  "pipelineId": "p1",
  "projectId": "proj-6",
  "status": "resolved"
}
2026-03-27 20:01:29 [[32MINFO[39M]: Execution tracked {
  "pipelineId": "p2",
  "projectId": "proj-6",
  "status": "resolved"
}
2026-03-27 20:01:29 [[32MINFO[39M]: Execution tracked {
  "pipelineId": "p3",
  "projectId": "proj-6",
  "status": "resolved"
}
2026-03-27 20:01:29 [[32MINFO[39M]: Execution tracked {
  "pipelineId": "p4",
  "projectId": "proj-6",
  "status": "resolved"
}
2026-03-27 20:01:29 [[32MINFO[39M]: Execution tracked {
  "pipelineId": "p5",
  "projectId": "proj-6",
  "status": "resolved"
}
2026-03-27 20:01:29 [[32MINFO[39M]: Execution tracked {
  "pipelineId": "p6",
  "projectId": "proj-6",
  "status": "resolved"
}
2026-03-27 20:01:29 [[32MINFO[39M]: Execution tracked {
  "pipelineId": "p7",
  "projectId": "proj-6",
  "status": "resolved"
}
2026-03-27 20:01:29 [[32MINFO[39M]: Execution tracked {
  "pipelineId": "p8",
  "projectId": "proj-6",
  "status": "resolved"
}
2026-03-27 20:01:29 [[32MINFO[39M]: Execution tracked {
  "pipelineId": "p9",
  "projectId": "proj-6",
  "status": "resolved"
}
2026-03-27 20:01:29 [[32MINFO[39M]: Execution tracked {
  "pipelineId": "p10",
  "projectId": "proj-6",
  "status": "resolved"
}
2026-03-27 20:01:29 [[32MINFO[39M]: Execution tracked {
  "pipelineId": "p11",
  "projectId": "proj-6",
  "status": "resolved"
}
2026-03-27 20:01:29 [[32MINFO[39M]: Execution tracked {
  "pipelineId": "p12",
  "projectId": "proj-6",
  "status": "resolved"
}
2026-03-27 20:01:29 [[32MINFO[39M]: Execution tracked {
  "pipelineId": "p13",
  "projectId": "proj-6",
  "status": "resolved"
}
2026-03-27 20:01:29 [[32MINFO[39M]: Execution tracked {
  "pipelineId": "p14",
  "projectId": "proj-6",
  "status": "resolved"
}
2026-03-27 20:01:29 [[32MINFO[39M]: Execution tracked {
  "pipelineId": "p15",
  "projectId": "proj-6",
  "status": "resolved"
}
2026-03-27 20:01:29 [[32MINFO[39M]: Execution tracked {
  "pipelineId": "p16",
  "projectId": "proj-6",
  "status": "resolved"
}
2026-03-27 20:01:29 [[32MINFO[39M]: Execution tracked {
  "pipelineId": "p17",
  "projectId": "proj-6",
  "status": "resolved"
}
2026-03-27 20:01:29 [[32MINFO[39M]: Execution tracked {
  "pipelineId": "p18",
  "projectId": "proj-6",
  "status": "resolved"
}
2026-03-27 20:01:29 [[32MINFO[39M]: Execution tracked {
  "pipelineId": "p19",
  "projectId": "proj-6",
  "status": "resolved"
}
2026-03-27 20:01:29 [[32MINFO[39M]: Execution tracked {
  "pipelineId": "p1",
  "projectId": "proj-7",
  "status": "resolved"
}
2026-03-27 20:01:29 [[32MINFO[39M]: Execution tracked {
  "pipelineId": "p1",
  "projectId": "proj-8",
  "status": "resolved",
  "errorType": "flaky_test"
}
2026-03-27 20:01:29 [[32MINFO[39M]: Execution tracked {
  "pipelineId": "p2",
  "projectId": "proj-8",
  "status": "resolved",
  "errorType": "flaky_test"
}
2026-03-27 20:01:29 [[32MINFO[39M]: Execution tracked {
  "pipelineId": "p3",
  "projectId": "proj-8",
  "status": "resolved",
  "errorType": "dependency_issue"
}
2026-03-27 20:01:29 [[32MINFO[39M]: Execution tracked {
  "pipelineId": "p0",
  "projectId": "proj-9",
  "status": "resolved",
  "errorType": "flaky_test"
}
2026-03-27 20:01:29 [[32MINFO[39M]: Execution tracked {
  "pipelineId": "p1",
  "projectId": "proj-9",
  "status": "resolved",
  "errorType": "flaky_test"
}
2026-03-27 20:01:29 [[32MINFO[39M]: Execution tracked {
  "pipelineId": "p2",
  "projectId": "proj-9",
  "status": "resolved",
  "errorType": "flaky_test"
}
2026-03-27 20:01:29 [[32MINFO[39M]: Execution tracked {
  "pipelineId": "p3",
  "projectId": "proj-9",
  "status": "resolved",
  "errorType": "flaky_test"
}
2026-03-27 20:01:29 [[32MINFO[39M]: Execution tracked {
  "pipelineId": "p4",
  "projectId": "proj-9",
  "status": "resolved",
  "errorType": "flaky_test"
}
2026-03-27 20:01:29 [[32MINFO[39M]: Execution tracked {
  "pipelineId": "p5",
  "projectId": "proj-9",
  "status": "resolved",
  "errorType": "flaky_test"
}
2026-03-27 20:01:29 [[32MINFO[39M]: Execution tracked {
  "pipelineId": "p6",
  "projectId": "proj-9",
  "status": "resolved",
  "errorType": "flaky_test"
}
2026-03-27 20:01:29 [[32MINFO[39M]: Execution tracked {
  "pipelineId": "p7",
  "projectId": "proj-9",
  "status": "resolved",
  "errorType": "flaky_test"
}
2026-03-27 20:01:29 [[32MINFO[39M]: Execution tracked {
  "pipelineId": "p8",
  "projectId": "proj-9",
  "status": "resolved",
  "errorType": "flaky_test"
}
2026-03-27 20:01:29 [[32MINFO[39M]: Execution tracked {
  "pipelineId": "p9",
  "projectId": "proj-9",
  "status": "resolved",
  "errorType": "flaky_test"
}
2026-03-27 20:01:29 [[32MINFO[39M]: Execution tracked {
  "pipelineId": "p10",
  "projectId": "proj-9",
  "status": "resolved",
  "errorType": "env_issue"
}
2026-03-27 20:01:29 [[32MINFO[39M]: Execution tracked {
  "pipelineId": "p11",
  "projectId": "proj-9",
  "status": "resolved",
  "errorType": "env_issue"
}
2026-03-27 20:01:29 [[32MINFO[39M]: Execution tracked {
  "pipelineId": "pipeline-0",
  "projectId": "real-proj",
  "status": "resolved",
  "errorType": "flaky_test"
}
2026-03-27 20:01:29 [[32MINFO[39M]: Execution tracked {
  "pipelineId": "pipeline-1",
  "projectId": "real-proj",
  "status": "resolved",
  "errorType": "flaky_test"
}
2026-03-27 20:01:29 [[32MINFO[39M]: Execution tracked {
  "pipelineId": "pipeline-2",
  "projectId": "real-proj",
  "status": "failed",
  "errorType": "dependency_issue"
}
2026-03-27 20:01:29 [[32MINFO[39M]: Execution tracked {
  "pipelineId": "pipeline-3",
  "projectId": "real-proj",
  "status": "resolved",
  "errorType": "env_issue"
}
2026-03-27 20:01:29 [[32MINFO[39M]: Execution tracked {
  "pipelineId": "pipeline-4",
  "projectId": "real-proj",
  "status": "manual_review",
  "errorType": "code_error"
}
2026-03-27 20:01:29 [[32MINFO[39M]: Execution tracked {
  "pipelineId": "p0",
  "projectId": "high-volume",
  "status": "failed",
  "errorType": "flaky_test"
}
2026-03-27 20:01:29 [[32MINFO[39M]: Execution tracked {
  "pipelineId": "p1",
  "projectId": "high-volume",
  "status": "resolved",
  "errorType": "env_issue"
}
2026-03-27 20:01:29 [[32MINFO[39M]: Execution tracked {
  "pipelineId": "p2",
  "projectId": "high-volume",
  "status": "resolved",
  "errorType": "flaky_test"
}
2026-03-27 20:01:29 [[32MINFO[39M]: Execution tracked {
  "pipelineId": "p3",
  "projectId": "high-volume",
  "status": "failed",
  "errorType": "env_issue"
}
2026-03-27 20:01:29 [[32MINFO[39M]: Execution tracked {
  "pipelineId": "p4",
  "projectId": "high-volume",
  "status": "resolved",
  "errorType": "flaky_test"
}
2026-03-27 20:01:29 [[32MINFO[39M]: Execution tracked {
  "pipelineId": "p5",
  "projectId": "high-volume",
  "status": "resolved",
  "errorType": "env_issue"
}
2026-03-27 20:01:29 [[32MINFO[39M]: Execution tracked {
  "pipelineId": "p6",
  "projectId": "high-volume",
  "status": "failed",
  "errorType": "flaky_test"
}
2026-03-27 20:01:29 [[32MINFO[39M]: Execution tracked {
  "pipelineId": "p7",
  "projectId": "high-volume",
  "status": "resolved",
  "errorType": "env_issue"
}
2026-03-27 20:01:29 [[32MINFO[39M]: Execution tracked {
  "pipelineId": "p8",
  "projectId": "high-volume",
  "status": "resolved",
  "errorType": "flaky_test"
}
2026-03-27 20:01:29 [[32MINFO[39M]: Execution tracked {
  "pipelineId": "p9",
  "projectId": "high-volume",
  "status": "failed",
  "errorType": "env_issue"
}
2026-03-27 20:01:29 [[32MINFO[39M]: Execution tracked {
  "pipelineId": "p10",
  "projectId": "high-volume",
  "status": "resolved",
  "errorType": "flaky_test"
}
2026-03-27 20:01:29 [[32MINFO[39M]: Execution tracked {
  "pipelineId": "p11",
  "projectId": "high-volume",
  "status": "resolved",
  "errorType": "env_issue"
}
2026-03-27 20:01:29 [[32MINFO[39M]: Execution tracked {
  "pipelineId": "p12",
  "projectId": "high-volume",
  "status": "failed",
  "errorType": "flaky_test"
}
2026-03-27 20:01:29 [[32MINFO[39M]: Execution tracked {
  "pipelineId": "p13",
  "projectId": "high-volume",
  "status": "resolved",
  "errorType": "env_issue"
}
2026-03-27 20:01:29 [[32MINFO[39M]: Execution tracked {
  "pipelineId": "p14",
  "projectId": "high-volume",
  "status": "resolved",
  "errorType": "flaky_test"
}
2026-03-27 20:01:29 [[32MINFO[39M]: Execution tracked {
  "pipelineId": "p15",
  "projectId": "high-volume",
  "status": "failed",
  "errorType": "env_issue"
}
2026-03-27 20:01:29 [[32MINFO[39M]: Execution tracked {
  "pipelineId": "p16",
  "projectId": "high-volume",
  "status": "resolved",
  "errorType": "flaky_test"
}
2026-03-27 20:01:29 [[32MINFO[39M]: Execution tracked {
  "pipelineId": "p17",
  "projectId": "high-volume",
  "status": "resolved",
  "errorType": "env_issue"
}
2026-03-27 20:01:29 [[32MINFO[39M]: Execution tracked {
  "pipelineId": "p18",
  "projectId": "high-volume",
  "status": "failed",
  "errorType": "flaky_test"
}
2026-03-27 20:01:29 [[32MINFO[39M]: Execution tracked {
  "pipelineId": "p19",
  "projectId": "high-volume",
  "status": "resolved",
  "errorType": "env_issue"
}
2026-03-27 20:01:29 [[32MINFO[39M]: Execution tracked {
  "pipelineId": "p20",
  "projectId": "high-volume",
  "status": "resolved",
  "errorType": "flaky_test"
}
2026-03-27 20:01:29 [[32MINFO[39M]: Execution tracked {
  "pipelineId": "p21",
  "projectId": "high-volume",
  "status": "failed",
  "errorType": "env_issue"
}
2026-03-27 20:01:29 [[32MINFO[39M]: Execution tracked {
  "pipelineId": "p22",
  "projectId": "high-volume",
  "status": "resolved",
  "errorType": "flaky_test"
}
2026-03-27 20:01:29 [[32MINFO[39M]: Execution tracked {
  "pipelineId": "p23",
  "projectId": "high-volume",
  "status": "resolved",
  "errorType": "env_issue"
}
2026-03-27 20:01:29 [[32MINFO[39M]: Execution tracked {
  "pipelineId": "p24",
  "projectId": "high-volume",
  "status": "failed",
  "errorType": "flaky_test"
}
2026-03-27 20:01:29 [[32MINFO[39M]: Execution tracked {
  "pipelineId": "p25",
  "projectId": "high-volume",
  "status": "resolved",
  "errorType": "env_issue"
}
2026-03-27 20:01:29 [[32MINFO[39M]: Execution tracked {
  "pipelineId": "p26",
  "projectId": "high-volume",
  "status": "resolved",
  "errorType": "flaky_test"
}
2026-03-27 20:01:29 [[32MINFO[39M]: Execution tracked {
  "pipelineId": "p27",
  "projectId": "high-volume",
  "status": "failed",
  "errorType": "env_issue"
}
2026-03-27 20:01:29 [[32MINFO[39M]: Execution tracked {
  "pipelineId": "p28",
  "projectId": "high-volume",
  "status": "resolved",
  "errorType": "flaky_test"
}
2026-03-27 20:01:29 [[32MINFO[39M]: Execution tracked {
  "pipelineId": "p29",
  "projectId": "high-volume",
  "status": "resolved",
  "errorType": "env_issue"
}
2026-03-27 20:01:29 [[32MINFO[39M]: Execution tracked {
  "pipelineId": "p30",
  "projectId": "high-volume",
  "status": "failed",
  "errorType": "flaky_test"
}
2026-03-27 20:01:29 [[32MINFO[39M]: Execution tracked {
  "pipelineId": "p31",
  "projectId": "high-volume",
  "status": "resolved",
  "errorType": "env_issue"
}
2026-03-27 20:01:29 [[32MINFO[39M]: Execution tracked {
  "pipelineId": "p32",
  "projectId": "high-volume",
  "status": "resolved",
  "errorType": "flaky_test"
}
2026-03-27 20:01:29 [[32MINFO[39M]: Execution tracked {
  "pipelineId": "p33",
  "projectId": "high-volume",
  "status": "failed",
  "errorType": "env_issue"
}
2026-03-27 20:01:29 [[32MINFO[39M]: Execution tracked {
  "pipelineId": "p34",
  "projectId": "high-volume",
  "status": "resolved",
  "errorType": "flaky_test"
}
2026-03-27 20:01:29 [[32MINFO[39M]: Execution tracked {
  "pipelineId": "p35",
  "projectId": "high-volume",
  "status": "resolved",
  "errorType": "env_issue"
}
2026-03-27 20:01:29 [[32MINFO[39M]: Execution tracked {
  "pipelineId": "p36",
  "projectId": "high-volume",
  "status": "failed",
  "errorType": "flaky_test"
}
2026-03-27 20:01:29 [[32MINFO[39M]: Execution tracked {
  "pipelineId": "p37",
  "projectId": "high-volume",
  "status": "resolved",
  "errorType": "env_issue"
}
2026-03-27 20:01:29 [[32MINFO[39M]: Execution tracked {
  "pipelineId": "p38",
  "projectId": "high-volume",
  "status": "resolved",
  "errorType": "flaky_test"
}
2026-03-27 20:01:29 [[32MINFO[39M]: Execution tracked {
  "pipelineId": "p39",
  "projectId": "high-volume",
  "status": "failed",
  "errorType": "env_issue"
}
2026-03-27 20:01:29 [[32MINFO[39M]: Execution tracked {
  "pipelineId": "p40",
  "projectId": "high-volume",
  "status": "resolved",
  "errorType": "flaky_test"
}
2026-03-27 20:01:29 [[32MINFO[39M]: Execution tracked {
  "pipelineId": "p41",
  "projectId": "high-volume",
  "status": "resolved",
  "errorType": "env_issue"
}
2026-03-27 20:01:29 [[32MINFO[39M]: Execution tracked {
  "pipelineId": "p42",
  "projectId": "high-volume",
  "status": "failed",
  "errorType": "flaky_test"
}
2026-03-27 20:01:29 [[32MINFO[39M]: Execution tracked {
  "pipelineId": "p43",
  "projectId": "high-volume",
  "status": "resolved",
  "errorType": "env_issue"
}
2026-03-27 20:01:29 [[32MINFO[39M]: Execution tracked {
  "pipelineId": "p44",
  "projectId": "high-volume",
  "status": "resolved",
  "errorType": "flaky_test"
}
2026-03-27 20:01:29 [[32MINFO[39M]: Execution tracked {
  "pipelineId": "p45",
  "projectId": "high-volume",
  "status": "failed",
  "errorType": "env_issue"
}
2026-03-27 20:01:29 [[32MINFO[39M]: Execution tracked {
  "pipelineId": "p46",
  "projectId": "high-volume",
  "status": "resolved",
  "errorType": "flaky_test"
}
2026-03-27 20:01:29 [[32MINFO[39M]: Execution tracked {
  "pipelineId": "p47",
  "projectId": "high-volume",
  "status": "resolved",
  "errorType": "env_issue"
}
2026-03-27 20:01:29 [[32MINFO[39M]: Execution tracked {
  "pipelineId": "p48",
  "projectId": "high-volume",
  "status": "failed",
  "errorType": "flaky_test"
}
2026-03-27 20:01:29 [[32MINFO[39M]: Execution tracked {
  "pipelineId": "p49",
  "projectId": "high-volume",
  "status": "resolved",
  "errorType": "env_issue"
}
2026-03-27 20:01:29 [[32MINFO[39M]: Execution tracked {
  "pipelineId": "p50",
  "projectId": "high-volume",
  "status": "resolved",
  "errorType": "flaky_test"
}
2026-03-27 20:01:29 [[32MINFO[39M]: Execution tracked {
  "pipelineId": "p51",
  "projectId": "high-volume",
  "status": "failed",
  "errorType": "env_issue"
}
2026-03-27 20:01:29 [[32MINFO[39M]: Execution tracked {
  "pipelineId": "p52",
  "projectId": "high-volume",
  "status": "resolved",
  "errorType": "flaky_test"
}
2026-03-27 20:01:29 [[32MINFO[39M]: Execution tracked {
  "pipelineId": "p53",
  "projectId": "high-volume",
  "status": "resolved",
  "errorType": "env_issue"
}
2026-03-27 20:01:29 [[32MINFO[39M]: Execution tracked {
  "pipelineId": "p54",
  "projectId": "high-volume",
  "status": "failed",
  "errorType": "flaky_test"
}
2026-03-27 20:01:29 [[32MINFO[39M]: Execution tracked {
  "pipelineId": "p55",
  "projectId": "high-volume",
  "status": "resolved",
  "errorType": "env_issue"
}
2026-03-27 20:01:29 [[32MINFO[39M]: Execution tracked {
  "pipelineId": "p56",
  "projectId": "high-volume",
  "status": "resolved",
  "errorType": "flaky_test"
}
2026-03-27 20:01:29 [[32MINFO[39M]: Execution tracked {
  "pipelineId": "p57",
  "projectId": "high-volume",
  "status": "failed",
  "errorType": "env_issue"
}
2026-03-27 20:01:29 [[32MINFO[39M]: Execution tracked {
  "pipelineId": "p58",
  "projectId": "high-volume",
  "status": "resolved",
  "errorType": "flaky_test"
}
2026-03-27 20:01:29 [[32MINFO[39M]: Execution tracked {
  "pipelineId": "p59",
  "projectId": "high-volume",
  "status": "resolved",
  "errorType": "env_issue"
}
2026-03-27 20:01:29 [[32MINFO[39M]: Execution tracked {
  "pipelineId": "p60",
  "projectId": "high-volume",
  "status": "failed",
  "errorType": "flaky_test"
}
2026-03-27 20:01:29 [[32MINFO[39M]: Execution tracked {
  "pipelineId": "p61",
  "projectId": "high-volume",
  "status": "resolved",
  "errorType": "env_issue"
}
2026-03-27 20:01:29 [[32MINFO[39M]: Execution tracked {
  "pipelineId": "p62",
  "projectId": "high-volume",
  "status": "resolved",
  "errorType": "flaky_test"
}
2026-03-27 20:01:29 [[32MINFO[39M]: Execution tracked {
  "pipelineId": "p63",
  "projectId": "high-volume",
  "status": "failed",
  "errorType": "env_issue"
}
2026-03-27 20:01:29 [[32MINFO[39M]: Execution tracked {
  "pipelineId": "p64",
  "projectId": "high-volume",
  "status": "resolved",
  "errorType": "flaky_test"
}
2026-03-27 20:01:29 [[32MINFO[39M]: Execution tracked {
  "pipelineId": "p65",
  "projectId": "high-volume",
  "status": "resolved",
  "errorType": "env_issue"
}
2026-03-27 20:01:29 [[32MINFO[39M]: Execution tracked {
  "pipelineId": "p66",
  "projectId": "high-volume",
  "status": "failed",
  "errorType": "flaky_test"
}
2026-03-27 20:01:29 [[32MINFO[39M]: Execution tracked {
  "pipelineId": "p67",
  "projectId": "high-volume",
  "status": "resolved",
  "errorType": "env_issue"
}
2026-03-27 20:01:29 [[32MINFO[39M]: Execution tracked {
  "pipelineId": "p68",
  "projectId": "high-volume",
  "status": "resolved",
  "errorType": "flaky_test"
}
2026-03-27 20:01:29 [[32MINFO[39M]: Execution tracked {
  "pipelineId": "p69",
  "projectId": "high-volume",
  "status": "failed",
  "errorType": "env_issue"
}
2026-03-27 20:01:29 [[32MINFO[39M]: Execution tracked {
  "pipelineId": "p70",
  "projectId": "high-volume",
  "status": "resolved",
  "errorType": "flaky_test"
}
2026-03-27 20:01:29 [[32MINFO[39M]: Execution tracked {
  "pipelineId": "p71",
  "projectId": "high-volume",
  "status": "resolved",
  "errorType": "env_issue"
}
2026-03-27 20:01:29 [[32MINFO[39M]: Execution tracked {
  "pipelineId": "p72",
  "projectId": "high-volume",
  "status": "failed",
  "errorType": "flaky_test"
}
2026-03-27 20:01:29 [[32MINFO[39M]: Execution tracked {
  "pipelineId": "p73",
  "projectId": "high-volume",
  "status": "resolved",
  "errorType": "env_issue"
}
2026-03-27 20:01:29 [[32MINFO[39M]: Execution tracked {
  "pipelineId": "p74",
  "projectId": "high-volume",
  "status": "resolved",
  "errorType": "flaky_test"
}
2026-03-27 20:01:29 [[32MINFO[39M]: Execution tracked {
  "pipelineId": "p75",
  "projectId": "high-volume",
  "status": "failed",
  "errorType": "env_issue"
}
2026-03-27 20:01:29 [[32MINFO[39M]: Execution tracked {
  "pipelineId": "p76",
  "projectId": "high-volume",
  "status": "resolved",
  "errorType": "flaky_test"
}
2026-03-27 20:01:29 [[32MINFO[39M]: Execution tracked {
  "pipelineId": "p77",
  "projectId": "high-volume",
  "status": "resolved",
  "errorType": "env_issue"
}
2026-03-27 20:01:29 [[32MINFO[39M]: Execution tracked {
  "pipelineId": "p78",
  "projectId": "high-volume",
  "status": "failed",
  "errorType": "flaky_test"
}
2026-03-27 20:01:29 [[32MINFO[39M]: Execution tracked {
  "pipelineId": "p79",
  "projectId": "high-volume",
  "status": "resolved",
  "errorType": "env_issue"
}
2026-03-27 20:01:29 [[32MINFO[39M]: Execution tracked {
  "pipelineId": "p80",
  "projectId": "high-volume",
  "status": "resolved",
  "errorType": "flaky_test"
}
2026-03-27 20:01:29 [[32MINFO[39M]: Execution tracked {
  "pipelineId": "p81",
  "projectId": "high-volume",
  "status": "failed",
  "errorType": "env_issue"
}
2026-03-27 20:01:29 [[32MINFO[39M]: Execution tracked {
  "pipelineId": "p82",
  "projectId": "high-volume",
  "status": "resolved",
  "errorType": "flaky_test"
}
2026-03-27 20:01:29 [[32MINFO[39M]: Execution tracked {
  "pipelineId": "p83",
  "projectId": "high-volume",
  "status": "resolved",
  "errorType": "env_issue"
}
2026-03-27 20:01:29 [[32MINFO[39M]: Execution tracked {
  "pipelineId": "p84",
  "projectId": "high-volume",
  "status": "failed",
  "errorType": "flaky_test"
}
2026-03-27 20:01:29 [[32MINFO[39M]: Execution tracked {
  "pipelineId": "p85",
  "projectId": "high-volume",
  "status": "resolved",
  "errorType": "env_issue"
}
2026-03-27 20:01:29 [[32MINFO[39M]: Execution tracked {
  "pipelineId": "p86",
  "projectId": "high-volume",
  "status": "resolved",
  "errorType": "flaky_test"
}
2026-03-27 20:01:29 [[32MINFO[39M]: Execution tracked {
  "pipelineId": "p87",
  "projectId": "high-volume",
  "status": "failed",
  "errorType": "env_issue"
}
2026-03-27 20:01:29 [[32MINFO[39M]: Execution tracked {
  "pipelineId": "p88",
  "projectId": "high-volume",
  "status": "resolved",
  "errorType": "flaky_test"
}
2026-03-27 20:01:29 [[32MINFO[39M]: Execution tracked {
  "pipelineId": "p89",
  "projectId": "high-volume",
  "status": "resolved",
  "errorType": "env_issue"
}
2026-03-27 20:01:29 [[32MINFO[39M]: Execution tracked {
  "pipelineId": "p90",
  "projectId": "high-volume",
  "status": "failed",
  "errorType": "flaky_test"
}
2026-03-27 20:01:29 [[32MINFO[39M]: Execution tracked {
  "pipelineId": "p91",
  "projectId": "high-volume",
  "status": "resolved",
  "errorType": "env_issue"
}
2026-03-27 20:01:29 [[32MINFO[39M]: Execution tracked {
  "pipelineId": "p92",
  "projectId": "high-volume",
  "status": "resolved",
  "errorType": "flaky_test"
}
2026-03-27 20:01:29 [[32MINFO[39M]: Execution tracked {
  "pipelineId": "p93",
  "projectId": "high-volume",
  "status": "failed",
  "errorType": "env_issue"
}
2026-03-27 20:01:29 [[32MINFO[39M]: Execution tracked {
  "pipelineId": "p94",
  "projectId": "high-volume",
  "status": "resolved",
  "errorType": "flaky_test"
}
2026-03-27 20:01:29 [[32MINFO[39M]: Execution tracked {
  "pipelineId": "p95",
  "projectId": "high-volume",
  "status": "resolved",
  "errorType": "env_issue"
}
2026-03-27 20:01:29 [[32MINFO[39M]: Execution tracked {
  "pipelineId": "p96",
  "projectId": "high-volume",
  "status": "failed",
  "errorType": "flaky_test"
}
2026-03-27 20:01:29 [[32MINFO[39M]: Execution tracked {
  "pipelineId": "p97",
  "projectId": "high-volume",
  "status": "resolved",
  "errorType": "env_issue"
}
2026-03-27 20:01:29 [[32MINFO[39M]: Execution tracked {
  "pipelineId": "p98",
  "projectId": "high-volume",
  "status": "resolved",
  "errorType": "flaky_test"
}
2026-03-27 20:01:29 [[32MINFO[39M]: Execution tracked {
  "pipelineId": "p99",
  "projectId": "high-volume",
  "status": "failed",
  "errorType": "env_issue"
}
FAIL test/unit/parser.test.js
  Parser Service - Log Analysis
    extractError
      ΓêÜ should extract error section from logs (7 ms)
      ΓêÜ should include error marker context (1 ms)
      ΓêÜ should handle empty logs gracefully
      ΓêÜ should include final output section (1 ms)
    extractKeyword
      ΓêÜ should extract npm error keyword (2 ms)
      ΓêÜ should prioritize error patterns (1 ms)
      ├ù should extract SyntaxError if present (2 ms)
      ΓêÜ should extract different error patterns (1 ms)
      ΓêÜ should handle logs without error markers (1 ms)
    extractStackTrace
      ΓêÜ should extract stack trace when present (1 ms)
      ΓêÜ should return null when no stack trace
      ΓêÜ should extract multiple stack frames
      ΓêÜ should limit stack trace length
    parseLogMetadata
      ├ù should extract metadata from logs (1 ms)
      ├ù should have metadata structure
      ├ù should extract duration if present
    extractLogSection
      ├ù should extract log sections
      ├ù should prioritize sections with errors (1 ms)
      ├ù should respect sectionCount parameter
      ├ù should handle empty logs (1 ms)
    Error Pattern Detection
      ΓêÜ should detect npm errors (1 ms)
      ΓêÜ should detect timeout errors
      ΓêÜ should detect connection errors (1 ms)
      ├ù should detect permission errors (1 ms)
    Real-World Scenarios
      ΓêÜ should handle large logs (1 ms)
      ΓêÜ should extract from truncated logs (1 ms)
      ├ù should handle multiline error messages (1 ms)

  ΓùÅ Parser Service - Log Analysis ΓÇ║ extractKeyword ΓÇ║ should extract 
SyntaxError if present

    expect(received).toContain(expected) // indexOf

    Expected substring: "Error"
    Received string:    "Unexpected token }"

    [0m [90m 68 |[39m             [36mconst[39m syntaxLog [33m=[39m 
[32m'SyntaxError: Unexpected token }'[39m[33m;[39m
     [90m 69 |[39m             [36mconst[39m keyword [33m=[39m 
extractKeyword(syntaxLog)[33m;[39m
    [31m[1m>[22m[39m[90m 70 |[39m             
expect(keyword)[33m.[39mtoContain([32m'Error'[39m)[33m;[39m
     [90m    |[39m                             [31m[1m^[22m[39m
     [90m 71 |[39m         })[33m;[39m
     [90m 72 |[39m
     [90m 73 |[39m         test([32m'should extract different error 
patterns'[39m[33m,[39m () [33m=>[39m {[0m

      at Object.toContain (test/unit/parser.test.js:70:29)

  ΓùÅ Parser Service - Log Analysis ΓÇ║ parseLogMetadata ΓÇ║ should extract 
metadata from logs

    TypeError: parseLogMetadata is not a function

    [0m [90m 119 |[39m     describe([32m'parseLogMetadata'[39m[33m,[39m 
() [33m=>[39m {
     [90m 120 |[39m         test([32m'should extract metadata from 
logs'[39m[33m,[39m () [33m=>[39m {
    [31m[1m>[22m[39m[90m 121 |[39m             [36mconst[39m metadata 
[33m=[39m parseLogMetadata(testLogs)[33m;[39m
     [90m     |[39m                              [31m[1m^[22m[39m
     [90m 122 |[39m             
expect(metadata)[33m.[39mtoBeDefined()[33m;[39m
     [90m 123 |[39m             
expect(metadata[33m.[39mduration)[33m.[39mtoBeDefined() [33m||[39m 
expect(metadata[33m.[39mduration)[33m.[39mtoBeNull()[33m;[39m
     [90m 124 |[39m         })[33m;[39m[0m

      at Object.parseLogMetadata (test/unit/parser.test.js:121:30)

  ΓùÅ Parser Service - Log Analysis ΓÇ║ parseLogMetadata ΓÇ║ should have 
metadata structure

    TypeError: parseLogMetadata is not a function

    [0m [90m 125 |[39m
     [90m 126 |[39m         test([32m'should have metadata 
structure'[39m[33m,[39m () [33m=>[39m {
    [31m[1m>[22m[39m[90m 127 |[39m             [36mconst[39m metadata 
[33m=[39m parseLogMetadata(testLogs)[33m;[39m
     [90m     |[39m                              [31m[1m^[22m[39m
     [90m 128 |[39m             
expect(metadata[33m.[39mduration)[33m.[39mtoBeDefined()[33m;[39m
     [90m 129 |[39m             
expect(metadata[33m.[39mjobId)[33m.[39mtoBeDefined()[33m;[39m
     [90m 130 |[39m             
expect(metadata[33m.[39mbranch)[33m.[39mtoBeDefined()[33m;[39m[0m

      at Object.parseLogMetadata (test/unit/parser.test.js:127:30)

  ΓùÅ Parser Service - Log Analysis ΓÇ║ parseLogMetadata ΓÇ║ should extract 
duration if present

    TypeError: parseLogMetadata is not a function

    [0m [90m 133 |[39m         test([32m'should extract duration if 
present'[39m[33m,[39m () [33m=>[39m {
     [90m 134 |[39m             [36mconst[39m logWithDuration [33m=[39m 
[32m'Build completed in 45 seconds. Duration: 45 seconds'[39m[33m;[39m
    [31m[1m>[22m[39m[90m 135 |[39m             [36mconst[39m metadata 
[33m=[39m parseLogMetadata(logWithDuration)[33m;[39m
     [90m     |[39m                              [31m[1m^[22m[39m
     [90m 136 |[39m             [90m// Duration extraction is optional[39m
     [90m 137 |[39m             expect(metadata[33m.[39mduration 
[33m===[39m [36mnull[39m [33m||[39m [36mtypeof[39m 
metadata[33m.[39mduration [33m===[39m 
[32m'string'[39m)[33m.[39mtoBe([36mtrue[39m)[33m;[39m
     [90m 138 |[39m         })[33m;[39m[0m

      at Object.parseLogMetadata (test/unit/parser.test.js:135:30)

  ΓùÅ Parser Service - Log Analysis ΓÇ║ extractLogSection ΓÇ║ should extract 
log sections

    TypeError: extractLogSection is not a function

    [0m [90m 141 |[39m     
describe([32m'extractLogSection'[39m[33m,[39m () [33m=>[39m {
     [90m 142 |[39m         test([32m'should extract log 
sections'[39m[33m,[39m () [33m=>[39m {
    [31m[1m>[22m[39m[90m 143 |[39m             [36mconst[39m sections 
[33m=[39m extractLogSection(testLogs[33m,[39m [35m2[39m)[33m;[39m
     [90m     |[39m                              [31m[1m^[22m[39m
     [90m 144 |[39m             expect([33mArray[39m[33m.[39misArray(sect
ions))[33m.[39mtoBe([36mtrue[39m)[33m;[39m
     [90m 145 |[39m         })[33m;[39m
     [90m 146 |[39m[0m

      at Object.extractLogSection (test/unit/parser.test.js:143:30)

  ΓùÅ Parser Service - Log Analysis ΓÇ║ extractLogSection ΓÇ║ should 
prioritize sections with errors

    TypeError: extractLogSection is not a function

    [0m [90m 146 |[39m
     [90m 147 |[39m         test([32m'should prioritize sections with 
errors'[39m[33m,[39m () [33m=>[39m {
    [31m[1m>[22m[39m[90m 148 |[39m             [36mconst[39m sections 
[33m=[39m extractLogSection(testLogs[33m,[39m [35m2[39m)[33m;[39m
     [90m     |[39m                              [31m[1m^[22m[39m
     [90m 149 |[39m             [90m// Should return sections sorted by 
error content[39m
     [90m 150 |[39m             expect(sections[33m.[39mlength)[33m.[39mt
oBeLessThanOrEqual([35m2[39m)[33m;[39m
     [90m 151 |[39m         })[33m;[39m[0m

      at Object.extractLogSection (test/unit/parser.test.js:148:30)

  ΓùÅ Parser Service - Log Analysis ΓÇ║ extractLogSection ΓÇ║ should respect 
sectionCount parameter

    TypeError: extractLogSection is not a function

    [0m [90m 152 |[39m
     [90m 153 |[39m         test([32m'should respect sectionCount 
parameter'[39m[33m,[39m () [33m=>[39m {
    [31m[1m>[22m[39m[90m 154 |[39m             [36mconst[39m sections1 
[33m=[39m extractLogSection(testLogs[33m,[39m [35m1[39m)[33m;[39m
     [90m     |[39m                               [31m[1m^[22m[39m
     [90m 155 |[39m             [36mconst[39m sections3 [33m=[39m 
extractLogSection(testLogs[33m,[39m [35m3[39m)[33m;[39m
     [90m 156 |[39m             
     [90m 157 |[39m             expect(sections1[33m.[39mlength)[33m.[39m
toBeLessThanOrEqual([35m1[39m)[33m;[39m[0m

      at Object.extractLogSection (test/unit/parser.test.js:154:31)

  ΓùÅ Parser Service - Log Analysis ΓÇ║ extractLogSection ΓÇ║ should handle 
empty logs

    TypeError: extractLogSection is not a function

    [0m [90m 160 |[39m
     [90m 161 |[39m         test([32m'should handle empty 
logs'[39m[33m,[39m () [33m=>[39m {
    [31m[1m>[22m[39m[90m 162 |[39m             [36mconst[39m sections 
[33m=[39m extractLogSection([32m''[39m[33m,[39m [35m3[39m)[33m;[39m
     [90m     |[39m                              [31m[1m^[22m[39m
     [90m 163 |[39m             expect([33mArray[39m[33m.[39misArray(sect
ions))[33m.[39mtoBe([36mtrue[39m)[33m;[39m
     [90m 164 |[39m         })[33m;[39m
     [90m 165 |[39m     })[33m;[39m[0m

      at Object.extractLogSection (test/unit/parser.test.js:162:30)

  ΓùÅ Parser Service - Log Analysis ΓÇ║ Error Pattern Detection ΓÇ║ should 
detect permission errors

    expect(received).toContain(expected) // indexOf

    Expected substring: "Permission"
    Received string:    "EACCES"

    [0m [90m 187 |[39m             [36mconst[39m permLog [33m=[39m 
[32m'Permission denied EACCES'[39m[33m;[39m
     [90m 188 |[39m             [36mconst[39m keyword [33m=[39m 
extractKeyword(permLog)[33m;[39m
    [31m[1m>[22m[39m[90m 189 |[39m             
expect(keyword)[33m.[39mtoContain([32m'Permission'[39m)[33m;[39m
     [90m     |[39m                             [31m[1m^[22m[39m
     [90m 190 |[39m         })[33m;[39m
     [90m 191 |[39m     })[33m;[39m
     [90m 192 |[39m[0m

      at Object.toContain (test/unit/parser.test.js:189:29)

  ΓùÅ Parser Service - Log Analysis ΓÇ║ Real-World Scenarios ΓÇ║ should handle 
multiline error messages

    expect(received).toContain(expected) // indexOf

    Expected substring: "Error"
    Received string:    "This is a long error message"

    [0m [90m 213 |[39m [32m            `[39m[33m;[39m
     [90m 214 |[39m             [36mconst[39m keyword [33m=[39m 
extractKeyword(multiline)[33m;[39m
    [31m[1m>[22m[39m[90m 215 |[39m             
expect(keyword)[33m.[39mtoContain([32m'Error'[39m)[33m;[39m
     [90m     |[39m                             [31m[1m^[22m[39m
     [90m 216 |[39m         })[33m;[39m
     [90m 217 |[39m     })[33m;[39m
     [90m 218 |[39m })[33m;[39m[0m

      at Object.toContain (test/unit/parser.test.js:215:29)

FAIL test/unit/playbook.test.js
  Playbook Service
    getAction
      ΓêÜ should return retry for flaky_test with confidence > 0.7 (12 ms)
      ΓêÜ should return reinstall for dependency_issue (1 ms)
      ΓêÜ should return retry for env_issue (2 ms)
      ΓêÜ should return notify when max retries reached (1 ms)
      ΓêÜ should return notify for unknown error type (2 ms)
      ΓêÜ should handle code_error by returning notify (1 ms)
      ΓêÜ should handle permission_error by returning notify (1 ms)
      ΓêÜ should handle timeout with retry (1 ms)
      ΓêÜ should handle rate_limit with retry (1 ms)
    getPlaybookEntry
      ├ù should return playbook entry for known error type (3 ms)
      ΓêÜ should return null for unknown error type
      ΓêÜ should have fallback actions (1 ms)
    getExplanation
      ΓêÜ should return explanation object with all required fields (1 ms)
      ΓêÜ should provide meaningful explanations
    PLAYBOOK constant
      ΓêÜ should have all expected error types (1 ms)
      ΓêÜ should have consistent structure (3 ms)
      ΓêÜ should have valid max_attempts (1 ms)
    Error Type Coverage
      ΓêÜ should support 7 main error types (3 ms)
      ΓêÜ all error types should have valid actions (1 ms)

  ΓùÅ Playbook Service ΓÇ║ getPlaybookEntry ΓÇ║ should return playbook entry 
for known error type

    expect(received).toBe(expected) // Object.is equality

    Expected: 2
    Received: undefined

    [0m [90m 54 |[39m             
expect(entry)[33m.[39mtoBeDefined()[33m;[39m
     [90m 55 |[39m             
expect(entry[33m.[39mprimary)[33m.[39mtoBe([32m'retry'[39m)[33m;[39m
    [31m[1m>[22m[39m[90m 56 |[39m             
expect(entry[33m.[39mmaxAttempts)[33m.[39mtoBe([35m2[39m)[33m;[39m
     [90m    |[39m                                       [31m[1m^[22m[39m
     [90m 57 |[39m         })[33m;[39m
     [90m 58 |[39m
     [90m 59 |[39m         test([32m'should return null for unknown error 
type'[39m[33m,[39m () [33m=>[39m {[0m

      at Object.toBe (test/unit/playbook.test.js:56:39)

FAIL test/unit/monitor.test.js
  Monitor Service - Analytics & Tracking
    trackExecution
      ΓêÜ should track execution with all details (10 ms)
      ΓêÜ should increment resolved counter on success (2 ms)
      ├ù should track by error type (3 ms)
      ├ù should track different statuses (2 ms)
    getProjectMetrics
      ΓêÜ should return null for unknown project (1 ms)
      ΓêÜ should return complete metrics structure (1 ms)
      ΓêÜ should accumulate metrics (2 ms)
    getSuccessRate
      ΓêÜ should calculate success rate correctly (1 ms)
      ΓêÜ should return 0 for unknown project (1 ms)
      ΓêÜ should handle 100% success rate (1 ms)
      ΓêÜ should return percentage string
    getRecentHistory
      ΓêÜ should return recent executions
      ΓêÜ should limit results by count (3 ms)
      ΓêÜ should include timestamp in history (1 ms)
      ΓêÜ should return empty array for unknown execution (1 ms)
    getPipelinePattern
      ΓêÜ should identify error patterns in project (1 ms)
      ΓêÜ should identify most common error type (3 ms)
      ΓêÜ should return empty object for new project
    Real-World Analytics Scenarios
      ΓêÜ should track project with mixed outcomes (1 ms)
      ΓêÜ should track high-volume project (11 ms)

  ΓùÅ Monitor Service - Analytics & Tracking ΓÇ║ trackExecution ΓÇ║ should 
track by error type

    expect(received).toBe(expected) // Object.is equality

    Expected: 1
    Received: 2

    [0m [90m 45 |[39m             
     [90m 46 |[39m             [36mconst[39m metrics [33m=[39m 
getProjectMetrics([32m'proj-1'[39m)[33m;[39m
    [31m[1m>[22m[39m[90m 47 |[39m             expect(metrics[33m.[39mby
_type[33m.[39mflaky_test)[33m.[39mtoBe([35m1[39m)[33m;[39m
     [90m    |[39m                                                
[31m[1m^[22m[39m
     [90m 48 |[39m         })[33m;[39m
     [90m 49 |[39m
     [90m 50 |[39m         test([32m'should track different 
statuses'[39m[33m,[39m () [33m=>[39m {[0m

      at Object.toBe (test/unit/monitor.test.js:47:48)

  ΓùÅ Monitor Service - Analytics & Tracking ΓÇ║ trackExecution ΓÇ║ should 
track different statuses

    expect(received).toBe(expected) // Object.is equality

    Expected: 3
    Received: 6

    [0m [90m 54 |[39m             
     [90m 55 |[39m             [36mconst[39m metrics [33m=[39m 
getProjectMetrics([32m'proj-1'[39m)[33m;[39m
    [31m[1m>[22m[39m[90m 56 |[39m             
expect(metrics[33m.[39mtotal_failures)[33m.[39mtoBe([35m3[39m)[33m;[39m
     [90m    |[39m                                            
[31m[1m^[22m[39m
     [90m 57 |[39m             
expect(metrics[33m.[39mresolved_auto)[33m.[39mtoBe([35m1[39m)[33m;[39m
     [90m 58 |[39m             
expect(metrics[33m.[39mfailed_auto)[33m.[39mtoBe([35m1[39m)[33m;[39m
     [90m 59 |[39m             expect(metrics[33m.[39mmanual_reviews)[33m.
[39mtoBe([35m1[39m)[33m;[39m[0m

      at Object.toBe (test/unit/monitor.test.js:56:44)

FAIL test/unit/ai.test.js
  AI Classification - Heuristic Analysis
    heuristicClassification
      ΓêÜ should classify flaky test errors (9 ms)
      ΓêÜ should classify dependency errors
      ΓêÜ should classify environment errors (1 ms)
      ΓêÜ should classify rate limit errors
      ΓêÜ should classify timeout errors (1 ms)
      ΓêÜ should classify permission errors
      ΓêÜ should classify code errors
      ΓêÜ should return complete analysis result (3 ms)
      ΓêÜ should mark as actionable when high confidence
      ΓêÜ should handle unknown errors (1 ms)
      ΓêÜ should prioritize strongest patterns
      ΓêÜ should indicate severity levels (1 ms)
    enrichFromKnownIssues
      ├ù should enrich with known npm issues
      ├ù should identify multiple matching patterns
      ├ù should return consistent enrichment structure
      ├ù should handle network-related keywords
    Classification Accuracy
      ΓêÜ should achieve high accuracy on clear error patterns (1 ms)
      ├ù should assign confidence scores realistically (1 ms)
    Error Type Coverage
      ├ù should recognize all 7 error types (3 ms)

  ΓùÅ AI Classification - Heuristic Analysis ΓÇ║ enrichFromKnownIssues ΓÇ║ 
should enrich with known npm issues

    TypeError: enrichFromKnownIssues is not a function

    [0m [90m 146 |[39m         test([32m'should enrich with known npm 
issues'[39m[33m,[39m () [33m=>[39m {
     [90m 147 |[39m             [36mconst[39m keyword [33m=[39m 
[32m'npm ERR! 404'[39m[33m;[39m
    [31m[1m>[22m[39m[90m 148 |[39m             [36mconst[39m 
enrichment [33m=[39m enrichFromKnownIssues(keyword)[33m;[39m
     [90m     |[39m                                [31m[1m^[22m[39m
     [90m 149 |[39m             
     [90m 150 |[39m             expect(enrichment[33m.[39msource)[33m.[39
mtoBe([32m'heuristic'[39m)[33m;[39m
     [90m 151 |[39m             expect(enrichment[33m.[39mknown_issues)[33
m.[39mtoBeDefined()[33m;[39m[0m

      at Object.enrichFromKnownIssues (test/unit/ai.test.js:148:32)

  ΓùÅ AI Classification - Heuristic Analysis ΓÇ║ enrichFromKnownIssues ΓÇ║ 
should identify multiple matching patterns

    TypeError: enrichFromKnownIssues is not a function

    [0m [90m 154 |[39m         test([32m'should identify multiple matching 
patterns'[39m[33m,[39m () [33m=>[39m {
     [90m 155 |[39m             [36mconst[39m keyword [33m=[39m 
[32m'npm ERR! 404 Not Found in registry'[39m[33m;[39m
    [31m[1m>[22m[39m[90m 156 |[39m             [36mconst[39m 
enrichment [33m=[39m enrichFromKnownIssues(keyword)[33m;[39m
     [90m     |[39m                                [31m[1m^[22m[39m
     [90m 157 |[39m             
     [90m 158 |[39m             expect([33mArray[39m[33m.[39misArray(enri
chment[33m.[39mknown_issues))[33m.[39mtoBe([36mtrue[39m)[33m;[39m
     [90m 159 |[39m             expect(enrichment[33m.[39mknown_issues[33m
.[39mlength)[33m.[39mtoBeGreaterThan([35m0[39m)[33m;[39m[0m

      at Object.enrichFromKnownIssues (test/unit/ai.test.js:156:32)

  ΓùÅ AI Classification - Heuristic Analysis ΓÇ║ enrichFromKnownIssues ΓÇ║ 
should return consistent enrichment structure

    TypeError: enrichFromKnownIssues is not a function

    [0m [90m 161 |[39m
     [90m 162 |[39m         test([32m'should return consistent enrichment 
structure'[39m[33m,[39m () [33m=>[39m {
    [31m[1m>[22m[39m[90m 163 |[39m             [36mconst[39m 
enrichment [33m=[39m enrichFromKnownIssues([32m'test error'[39m)[33m;[39m
     [90m     |[39m                                [31m[1m^[22m[39m
     [90m 164 |[39m             
     [90m 165 |[39m             
expect(enrichment)[33m.[39mtoHaveProperty([32m'source'[39m)[33m;[39m
     [90m 166 |[39m             expect(enrichment)[33m.[39mtoHaveProperty(
[32m'known_issues'[39m)[33m;[39m[0m

      at Object.enrichFromKnownIssues (test/unit/ai.test.js:163:32)

  ΓùÅ AI Classification - Heuristic Analysis ΓÇ║ enrichFromKnownIssues ΓÇ║ 
should handle network-related keywords

    TypeError: enrichFromKnownIssues is not a function

    [0m [90m 173 |[39m             
     [90m 174 |[39m             keywords[33m.[39mforEach(keyword 
[33m=>[39m {
    [31m[1m>[22m[39m[90m 175 |[39m                 [36mconst[39m 
enrichment [33m=[39m enrichFromKnownIssues(keyword)[33m;[39m
     [90m     |[39m                                    [31m[1m^[22m[39m
     [90m 176 |[39m                 
expect(enrichment[33m.[39mknown_issues)[33m.[39mtoBeDefined()[33m;[39m
     [90m 177 |[39m             })[33m;[39m
     [90m 178 |[39m         })[33m;[39m[0m

      at enrichFromKnownIssues (test/unit/ai.test.js:175:36)
          at Array.forEach (<anonymous>)
      at Object.forEach (test/unit/ai.test.js:174:22)

  ΓùÅ AI Classification - Heuristic Analysis ΓÇ║ Classification Accuracy ΓÇ║ 
should assign confidence scores realistically

    expect(received).toBeGreaterThan(expected)

    Expected: > 0.7
    Received:   0.68

    [0m [90m 200 |[39m             
     [90m 201 |[39m             [90m// Clear pattern should have decent 
confidence[39m
    [31m[1m>[22m[39m[90m 202 |[39m             expect(result[33m.[39mco
nfidence)[33m.[39mtoBeGreaterThan([35m0.7[39m)[33m;[39m
     [90m     |[39m                                       
[31m[1m^[22m[39m
     [90m 203 |[39m             expect(result[33m.[39mconfidence)[33m.[39
mtoBeLessThanOrEqual([35m0.95[39m)[33m;[39m
     [90m 204 |[39m         })[33m;[39m
     [90m 205 |[39m     })[33m;[39m[0m

      at Object.toBeGreaterThan (test/unit/ai.test.js:202:39)

  ΓùÅ AI Classification - Heuristic Analysis ΓÇ║ Error Type Coverage ΓÇ║ 
should recognize all 7 error types

    expect(received).toBe(expected) // Object.is equality

    Expected: "flaky_test"
    Received: "timeout"

    [0m [90m 219 |[39m             [33mObject[39m[33m.[39mentries(testPa
tterns)[33m.[39mforEach(([expectedType[33m,[39m pattern]) [33m=>[39m {
     [90m 220 |[39m                 [36mconst[39m result [33m=[39m 
heuristicClassification(pattern)[33m;[39m
    [31m[1m>[22m[39m[90m 221 |[39m                 
expect(result[33m.[39mtype)[33m.[39mtoBe(expectedType)[33m;[39m
     [90m     |[39m                                     [31m[1m^[22m[39m
     [90m 222 |[39m             })[33m;[39m
     [90m 223 |[39m         })[33m;[39m
     [90m 224 |[39m     })[33m;[39m[0m

      at toBe (test/unit/ai.test.js:221:37)
          at Array.forEach (<anonymous>)
      at Object.forEach (test/unit/ai.test.js:219:42)

FAIL test/integration/workflow.test.js
  CI Agent - Integration Tests
    End-to-End Workflow
      ΓêÜ should handle flaky test failure end-to-end (8 ms)
      ├ù should escalate permission error to manual (1 ms)
      ├ù should respect retry limits (1 ms)
      ΓêÜ should enforce confidence thresholds by severity (1 ms)
    Error Classification Pipeline
      ├ù should classify common CI failures correctly (2 ms)
    Safety Guardrails in Action
      ΓêÜ should prevent unsafe combinations
      ΓêÜ should enforce minimum confidence requirements (1 ms)
      ΓêÜ should handle edge cases
    Playbook Consistency
      ΓêÜ all error types should be handled (1 ms)
      ΓêÜ all actions should be safe (1 ms)
    Real-World Scenarios
      ΓêÜ high-frequency error type handling (3 ms)
      ├ù mixed severity handling

  ΓùÅ CI Agent - Integration Tests ΓÇ║ End-to-End Workflow ΓÇ║ should escalate 
permission error to manual

    expect(received).toBe(expected) // Object.is equality

    Expected: false
    Received: true

    [0m [90m 42 |[39m             [36mconst[39m canExecute [33m=[39m 
shouldExecuteAction([35m0.95[39m[33m,[39m 
analysis[33m.[39mtype[33m,[39m [35m0[39m)[33m;[39m
     [90m 43 |[39m             [90m// High severity requires manual 
review[39m
    [31m[1m>[22m[39m[90m 44 |[39m             
expect(canExecute[33m.[39mallowed)[33m.[39mtoBe([36mfalse[39m)[33m;[39m
     [90m    |[39m                                        
[31m[1m^[22m[39m
     [90m 45 |[39m         })[33m;[39m
     [90m 46 |[39m
     [90m 47 |[39m         test([32m'should respect retry 
limits'[39m[33m,[39m () [33m=>[39m {[0m

      at Object.toBe (test/integration/workflow.test.js:44:40)

  ΓùÅ CI Agent - Integration Tests ΓÇ║ End-to-End Workflow ΓÇ║ should respect 
retry limits

    expect(received).toBe(expected) // Object.is equality

    Expected: true
    Received: false

    [0m [90m 51 |[39m             [90m// First attempt: allowed[39m
     [90m 52 |[39m             [36mlet[39m canExecute [33m=[39m 
shouldExecuteAction(analysis[33m.[39mconfidence[33m,[39m 
analysis[33m.[39mtype[33m,[39m [35m0[39m)[33m;[39m
    [31m[1m>[22m[39m[90m 53 |[39m             
expect(canExecute[33m.[39mallowed)[33m.[39mtoBe([36mtrue[39m)[33m;[39m
     [90m    |[39m                                        
[31m[1m^[22m[39m
     [90m 54 |[39m
     [90m 55 |[39m             [90m// Second attempt: allowed[39m
     [90m 56 |[39m             canExecute [33m=[39m 
shouldExecuteAction(analysis[33m.[39mconfidence[33m,[39m 
analysis[33m.[39mtype[33m,[39m [35m1[39m)[33m;[39m[0m

      at Object.toBe (test/integration/workflow.test.js:53:40)

  ΓùÅ CI Agent - Integration Tests ΓÇ║ Error Classification Pipeline ΓÇ║ 
should classify common CI failures correctly

    expect(received).toBe(expected) // Object.is equality

    Expected: "flaky_test"
    Received: "timeout"

    [0m [90m 108 |[39m             scenarios[33m.[39mforEach(scenario 
[33m=>[39m {
     [90m 109 |[39m                 [36mconst[39m result [33m=[39m 
heuristicClassification(scenario[33m.[39mlogs)[33m;[39m
    [31m[1m>[22m[39m[90m 110 |[39m                 expect(result[33m.[3
9mtype)[33m.[39mtoBe(scenario[33m.[39mexpectedType)[33m;[39m
     [90m     |[39m                                     [31m[1m^[22m[39m
     [90m 111 |[39m                 console[33m.[39mlog([32m`Γ£ô 
${scenario.name} classified correctly`[39m)[33m;[39m
     [90m 112 |[39m             })[33m;[39m
     [90m 113 |[39m         })[33m;[39m[0m

      at toBe (test/integration/workflow.test.js:110:37)
          at Array.forEach (<anonymous>)
      at Object.forEach (test/integration/workflow.test.js:108:23)

  ΓùÅ CI Agent - Integration Tests ΓÇ║ Real-World Scenarios ΓÇ║ mixed severity 
handling

    expect(received).toBe(expected) // Object.is equality

    Expected: false
    Received: true

    [0m [90m 219 |[39m             mockExecutions[33m.[39mforEach(exec 
[33m=>[39m {
     [90m 220 |[39m                 [36mconst[39m result [33m=[39m 
shouldExecuteAction(exec[33m.[39mconf[33m,[39m 
exec[33m.[39mtype[33m,[39m exec[33m.[39mretries)[33m;[39m
    [31m[1m>[22m[39m[90m 221 |[39m                 expect(result[33m.[3
9mallowed)[33m.[39mtoBe(exec[33m.[39mexpected)[33m;[39m
     [90m     |[39m                                        
[31m[1m^[22m[39m
     [90m 222 |[39m             })[33m;[39m
     [90m 223 |[39m         })[33m;[39m
     [90m 224 |[39m     })[33m;[39m[0m

      at toBe (test/integration/workflow.test.js:221:40)
          at Array.forEach (<anonymous>)
      at Object.forEach (test/integration/workflow.test.js:219:28)

--------------------|---------|----------|---------|---------|-------------------
File                | % Stmts | % Branch | % Funcs | % Lines | Uncovered Line #s 
--------------------|---------|----------|---------|---------|-------------------
All files           |   52.09 |    53.47 |   54.23 |   52.28 |                   
 config             |     100 |       85 |     100 |     100 |                   
  playbook-guard.js |     100 |       85 |     100 |     100 | 79,105,141        
 services           |   32.78 |    40.44 |   32.25 |   32.96 |                   
  ai.js             |       0 |        0 |       0 |       0 | 2-40              
  brightdata.js     |   14.28 |        0 |       0 |   14.81 | 17-102            
  executor.js       |       0 |        0 |       0 |       0 | 1-236             
  gitlab.js         |       0 |        0 |       0 |       0 | 1-23              
  monitor.js        |     100 |    96.55 |     100 |     100 | 36                
  playbook.js       |   72.41 |    57.14 |     100 |   72.41 | 80-100            
  slack.js          |       0 |        0 |       0 |       0 | 1-165             
 utils              |   72.34 |    68.57 |   72.72 |   72.04 |                   
  llm-reasoning.js  |   56.75 |    78.57 |      80 |   56.75 | 6-107,219         
  logger.js         |   93.75 |    33.33 |   85.71 |   93.75 | 56                
  parser.js         |   78.04 |    66.66 |      60 |    77.5 | 27,64,87-101      
--------------------|---------|----------|---------|---------|-------------------
Jest: "global" coverage threshold for statements (75%) not met: 52.09%
Jest: "global" coverage threshold for branches (70%) not met: 53.47%
Jest: "global" coverage threshold for lines (75%) not met: 52.28%
Jest: "global" coverage threshold for functions (75%) not met: 54.23%
Test Suites: 5 failed, 1 passed, 6 total
Tests:       23 failed, 100 passed, 123 total
Snapshots:   0 total
Time:        1.961 s, estimated 2 s
Ran all test suites.
